// Jest Snapshot v1, https://goo.gl/fbAQLP

exports[`should render correctly the list of series 1`] = `
<div
  className="project-activity-graph-legends"
>
  <GraphsLegendItem
    className="big-spacer-left big-spacer-right"
    metric="bugs"
    name="Bugs"
    style="0"
  />
  <GraphsLegendItem
    className="big-spacer-left big-spacer-right"
    metric="code_smells"
    name="Code Smells"
    style="1"
  />
</div>
`;
