// Jest Snapshot v1, https://goo.gl/fbAQLP

exports[`renders status of long-living branches 1`] = `null`;

exports[`renders status of long-living branches 2`] = `
<Level
  level="OK"
  small={true}
/>
`;

exports[`renders status of long-living branches 3`] = `
<Level
  level="ERROR"
  small={true}
/>
`;

exports[`renders status of short-living branches 1`] = `
<ul
  className="list-inline branch-status"
>
  <li
    className="spacer-right"
  >
    <StatusIndicator
      color="green"
      size="small"
    />
  </li>
  <li>
    0
    <BugIcon />
  </li>
  <li>
    0
    <VulnerabilityIcon />
  </li>
  <li>
    0
    <CodeSmellIcon />
  </li>
</ul>
`;

exports[`renders status of short-living branches 2`] = `
<ul
  className="list-inline branch-status"
>
  <li
    className="spacer-right"
  >
    <StatusIndicator
      color="red"
      size="small"
    />
  </li>
  <li>
    0
    <BugIcon />
  </li>
  <li>
    0
    <VulnerabilityIcon />
  </li>
  <li>
    1
    <CodeSmellIcon />
  </li>
</ul>
`;

exports[`renders status of short-living branches 3`] = `
<ul
  className="list-inline branch-status"
>
  <li
    className="spacer-right"
  >
    <StatusIndicator
      color="red"
      size="small"
    />
  </li>
  <li>
    7
    <BugIcon />
  </li>
  <li>
    6
    <VulnerabilityIcon />
  </li>
  <li>
    3
    <CodeSmellIcon />
  </li>
</ul>
`;
