// Jest Snapshot v1, https://goo.gl/fbAQLP

exports[`renders 1`] = `
<CoverageFilter
  className="leak-facet-box"
  property="new_coverage"
  query={Object {}}
/>
`;
