// Jest Snapshot v1, https://goo.gl/fbAQLP

exports[`searches 1`] = `
<SearchFilter
  handleSearch={[Function]}
  query={Object {}}
/>
`;
