// Jest Snapshot v1, https://goo.gl/fbAQLP

exports[`renders sorted list of branches 1`] = `
<div
  className="page page-limited"
>
  <header
    className="page-header"
  >
    <h1
      className="page-title"
    >
      project_branches.page
    </h1>
    <LongBranchesPattern
      project="foo"
    />
    <p
      className="page-description"
    >
      project_branches.page.description
    </p>
    <p
      className="page-description"
    >
      <FormattedMessage
        defaultMessage="project_branches.page.life_time"
        id="project_branches.page.life_time"
        values={
          Object {
            "days": "100",
            "settings": <Link
              onlyActiveOnIndex={false}
              style={Object {}}
              to="/admin/settings"
          >
              settings.page
          </Link>,
          }
        }
      />
    </p>
  </header>
  <table
    className="data zebra zebra-hover"
  >
    <thead>
      <tr>
        <th>
          branch
        </th>
        <th
          className="thin nowrap text-right"
        >
          status
        </th>
        <th
          className="thin nowrap text-right"
        >
          branches.last_analysis_date
        </th>
        <th
          className="thin nowrap text-right"
        >
          actions
        </th>
      </tr>
    </thead>
    <tbody>
      <BranchRow
        branch={
          Object {
            "isMain": true,
            "name": "master",
          }
        }
        component="foo"
        onChange={[Function]}
      />
      <BranchRow
        branch={
          Object {
            "isMain": false,
            "mergeBranch": "master",
            "name": "branch-1.0",
            "type": "SHORT",
          }
        }
        component="foo"
        onChange={[Function]}
      />
      <BranchRow
        branch={
          Object {
            "isMain": false,
            "name": "branch-1.0",
            "type": "LONG",
          }
        }
        component="foo"
        onChange={[Function]}
      />
    </tbody>
  </table>
</div>
`;
