// Jest Snapshot v1, https://goo.gl/fbAQLP

exports[`renders 1`] = `
<Modal
  ariaHideApp={true}
  bodyOpenClassName="ReactModal__Body--open"
  className="modal"
  closeTimeoutMS={0}
  contentLabel="branches.detection_of_long_living_branches"
  isOpen={true}
  onRequestClose={[Function]}
  overlayClassName="modal-overlay"
  parentSelector={[Function]}
  portalClassName="ReactModalPortal"
  shouldCloseOnOverlayClick={true}
>
  <header
    className="modal-head"
  >
    <h2>
      branches.detection_of_long_living_branches
    </h2>
  </header>
  <SettingForm
    onChange={[Function]}
    onClose={[Function]}
    project="project"
    setting={
      Object {
        "key": "foo",
        "value": "bar",
      }
    }
  />
</Modal>
`;
