// Jest Snapshot v1, https://goo.gl/fbAQLP

exports[`renders background task error correctly 1`] = `
<NavBarNotif
  className="alert alert-danger"
>
  <span>
    component_navigation.status.failed
  </span>
</NavBarNotif>
`;

exports[`renders background task in progress info correctly 1`] = `
<NavBarNotif
  className="alert alert-info"
>
  <i
    className="spinner spacer-right text-bottom"
  />
  <span>
    component_navigation.status.in_progress
  </span>
</NavBarNotif>
`;

exports[`renders background task license info correctly 1`] = `
<NavBarNotif
  className="alert alert-danger"
>
  <span
    className="little-spacer-right"
  >
    Foo
  </span>
  <Link
    onlyActiveOnIndex={false}
    style={Object {}}
    to="/admin/extension/license/app"
  >
    license.component_navigation.button.LICENSING
    .
  </Link>
</NavBarNotif>
`;

exports[`renders background task license info correctly 2`] = `
<NavBarNotif
  className="alert alert-danger"
>
  <span
    className="little-spacer-right"
  >
    Foo
  </span>
  please_contact_administrator
</NavBarNotif>
`;

exports[`renders background task pending info correctly 1`] = `
<NavBarNotif
  className="alert alert-info"
>
  <PendingIcon
    className="spacer-right"
  />
  <span>
    component_navigation.status.pending
  </span>
</NavBarNotif>
`;
