// Jest Snapshot v1, https://goo.gl/fbAQLP

exports[`renders 1`] = `
<FavoriteBase
  addFavorite={[Function]}
  favorite={true}
  removeFavorite={[Function]}
/>
`;
