// Jest Snapshot v1, https://goo.gl/fbAQLP

exports[`reset function should work correctly with view and visualizations 1`] = `undefined`;

exports[`reset function should work correctly with view and visualizations 2`] = `
<div
  className="projects-facets-reset"
>
  <Link
    className="button button-red"
    onlyActiveOnIndex={false}
    style={Object {}}
    to={
      Object {
        "pathname": "/projects",
        "query": Object {
          "view": "visualizations",
          "visualization": "bugs",
        },
      }
    }
  >
    clear_all_filters
  </Link>
</div>
`;

exports[`should render \`leak\` view correctly 1`] = `
<div>
  <FavoriteFilter
    query={
      Object {
        "view": "leak",
      }
    }
  />
  <div
    className="projects-facets-header clearfix"
  >
    <h3>
      filters
    </h3>
  </div>
  <QualityGateFilter
    isFavorite={false}
    query={
      Object {
        "view": "leak",
      }
    }
  />
  <NewReliabilityFilter
    isFavorite={false}
    query={
      Object {
        "view": "leak",
      }
    }
  />
  <NewSecurityFilter
    isFavorite={false}
    query={
      Object {
        "view": "leak",
      }
    }
  />
  <NewMaintainabilityFilter
    isFavorite={false}
    query={
      Object {
        "view": "leak",
      }
    }
  />
  <NewCoverageFilter
    isFavorite={false}
    query={
      Object {
        "view": "leak",
      }
    }
  />
  <NewDuplicationsFilter
    isFavorite={false}
    query={
      Object {
        "view": "leak",
      }
    }
  />
  <NewLinesFilter
    isFavorite={false}
    query={
      Object {
        "view": "leak",
      }
    }
  />
  <LanguagesFilter
    isFavorite={false}
    query={
      Object {
        "view": "leak",
      }
    }
  />
  <TagsFilter
    isFavorite={false}
    query={
      Object {
        "view": "leak",
      }
    }
  />
</div>
`;

exports[`should render correctly 1`] = `
<div>
  <FavoriteFilter />
  <div
    className="projects-facets-header clearfix"
  >
    <div
      className="projects-facets-reset"
    >
      <Link
        className="button button-red"
        onlyActiveOnIndex={false}
        style={Object {}}
        to={
          Object {
            "pathname": "/projects/favorite",
            "query": undefined,
          }
        }
      >
        clear_all_filters
      </Link>
    </div>
    <h3>
      filters
    </h3>
  </div>
  <QualityGateFilter
    isFavorite={true}
    query={
      Object {
        "size": "3",
      }
    }
  />
  <ReliabilityFilter
    isFavorite={true}
    query={
      Object {
        "size": "3",
      }
    }
  />
  <SecurityFilter
    isFavorite={true}
    query={
      Object {
        "size": "3",
      }
    }
  />
  <MaintainabilityFilter
    isFavorite={true}
    query={
      Object {
        "size": "3",
      }
    }
  />
  <CoverageFilter
    isFavorite={true}
    query={
      Object {
        "size": "3",
      }
    }
  />
  <DuplicationsFilter
    isFavorite={true}
    query={
      Object {
        "size": "3",
      }
    }
  />
  <SizeFilter
    isFavorite={true}
    query={
      Object {
        "size": "3",
      }
    }
    value="3"
  />
  <LanguagesFilter
    isFavorite={true}
    query={
      Object {
        "size": "3",
      }
    }
  />
  <TagsFilter
    isFavorite={true}
    query={
      Object {
        "size": "3",
      }
    }
  />
</div>
`;
