// Jest Snapshot v1, https://goo.gl/fbAQLP

exports[`renders 1`] = `
<Modal
  ariaHideApp={true}
  bodyOpenClassName="ReactModal__Body--open"
  className="modal modal-large"
  closeTimeoutMS={0}
  contentLabel="scanner context"
  isOpen={true}
  onRequestClose={[Function]}
  overlayClassName="modal-overlay"
  parentSelector={[Function]}
  portalClassName="ReactModalPortal"
  shouldCloseOnOverlayClick={true}
>
  <div
    className="modal-head"
  >
    <h2>
      background_tasks.scanner_context
      : 
      foo
       [
      background_task.type.REPORT
      ]
    </h2>
  </div>
  <div
    className="modal-body modal-container"
  >
    <pre
      className="js-task-scanner-context"
    >
      context
    </pre>
  </div>
  <div
    className="modal-foot"
  >
    <a
      className="js-modal-close"
      href="#"
      onClick={[Function]}
    >
      close
    </a>
  </div>
</Modal>
`;
